// Jest Snapshot v1, https://goo.gl/fbAQLP

exports[`should render 1`] = `
ShallowWrapper {
  "length": 1,
  Symbol(enzyme.__root__): [Circular],
  Symbol(enzyme.__unrendered__): <Tile
    data={
        Object {
            "date": "11:00",
            "description": "test",
            "id": 1,
            "title": "test",
            "updated": "11:05",
          }
    }
    deleteTile={[Function]}
    handleChange={[Function]}
    index={1}
/>,
  Symbol(enzyme.__renderer__): Object {
    "batchedUpdates": [Function],
    "getNode": [Function],
    "render": [Function],
    "simulateEvent": [Function],
    "unmount": [Function],
  },
  Symbol(enzyme.__node__): Object {
    "instance": null,
    "key": undefined,
    "nodeType": "class",
    "props": Object {
      "children": Array [
        <styled.div>
          <styled.input
                    autoFocus={true}
                    defaultValue="test"
                    onChange={[Function]}
          />
          <styled.i
                    onClick={[Function]}
          >
                    delete
          </styled.i>
</styled.div>,
        <styled.textarea
          defaultValue="test"
          onChange={[Function]}
/>,
        <styled.div>
          <styled.p>
                    Updated
                     at 
                    11:05
          </styled.p>
</styled.div>,
      ],
    },
    "ref": null,
    "rendered": Array [
      Object {
        "instance": null,
        "key": undefined,
        "nodeType": "class",
        "props": Object {
          "children": Array [
            <styled.input
              autoFocus={true}
              defaultValue="test"
              onChange={[Function]}
/>,
            <styled.i
              onClick={[Function]}
>
              delete
</styled.i>,
          ],
        },
        "ref": null,
        "rendered": Array [
          Object {
            "instance": null,
            "key": undefined,
            "nodeType": "class",
            "props": Object {
              "autoFocus": true,
              "defaultValue": "test",
              "onChange": [Function],
            },
            "ref": null,
            "rendered": null,
            "type": [Function],
          },
          Object {
            "instance": null,
            "key": undefined,
            "nodeType": "class",
            "props": Object {
              "children": "delete",
              "onClick": [Function],
            },
            "ref": null,
            "rendered": "delete",
            "type": [Function],
          },
        ],
        "type": [Function],
      },
      Object {
        "instance": null,
        "key": undefined,
        "nodeType": "class",
        "props": Object {
          "defaultValue": "test",
          "onChange": [Function],
        },
        "ref": null,
        "rendered": null,
        "type": [Function],
      },
      Object {
        "instance": null,
        "key": undefined,
        "nodeType": "class",
        "props": Object {
          "children": Array [
            <styled.p>
              Updated
               at 
              11:05
</styled.p>,
            null,
          ],
        },
        "ref": null,
        "rendered": Array [
          Object {
            "instance": null,
            "key": undefined,
            "nodeType": "class",
            "props": Object {
              "children": Array [
                "Updated",
                " at ",
                "11:05",
              ],
            },
            "ref": null,
            "rendered": Array [
              "Updated",
              " at ",
              "11:05",
            ],
            "type": [Function],
          },
          null,
        ],
        "type": [Function],
      },
    ],
    "type": [Function],
  },
  Symbol(enzyme.__nodes__): Array [
    Object {
      "instance": null,
      "key": undefined,
      "nodeType": "class",
      "props": Object {
        "children": Array [
          <styled.div>
            <styled.input
                        autoFocus={true}
                        defaultValue="test"
                        onChange={[Function]}
            />
            <styled.i
                        onClick={[Function]}
            >
                        delete
            </styled.i>
</styled.div>,
          <styled.textarea
            defaultValue="test"
            onChange={[Function]}
/>,
          <styled.div>
            <styled.p>
                        Updated
                         at 
                        11:05
            </styled.p>
</styled.div>,
        ],
      },
      "ref": null,
      "rendered": Array [
        Object {
          "instance": null,
          "key": undefined,
          "nodeType": "class",
          "props": Object {
            "children": Array [
              <styled.input
                autoFocus={true}
                defaultValue="test"
                onChange={[Function]}
/>,
              <styled.i
                onClick={[Function]}
>
                delete
</styled.i>,
            ],
          },
          "ref": null,
          "rendered": Array [
            Object {
              "instance": null,
              "key": undefined,
              "nodeType": "class",
              "props": Object {
                "autoFocus": true,
                "defaultValue": "test",
                "onChange": [Function],
              },
              "ref": null,
              "rendered": null,
              "type": [Function],
            },
            Object {
              "instance": null,
              "key": undefined,
              "nodeType": "class",
              "props": Object {
                "children": "delete",
                "onClick": [Function],
              },
              "ref": null,
              "rendered": "delete",
              "type": [Function],
            },
          ],
          "type": [Function],
        },
        Object {
          "instance": null,
          "key": undefined,
          "nodeType": "class",
          "props": Object {
            "defaultValue": "test",
            "onChange": [Function],
          },
          "ref": null,
          "rendered": null,
          "type": [Function],
        },
        Object {
          "instance": null,
          "key": undefined,
          "nodeType": "class",
          "props": Object {
            "children": Array [
              <styled.p>
                Updated
                 at 
                11:05
</styled.p>,
              null,
            ],
          },
          "ref": null,
          "rendered": Array [
            Object {
              "instance": null,
              "key": undefined,
              "nodeType": "class",
              "props": Object {
                "children": Array [
                  "Updated",
                  " at ",
                  "11:05",
                ],
              },
              "ref": null,
              "rendered": Array [
                "Updated",
                " at ",
                "11:05",
              ],
              "type": [Function],
            },
            null,
          ],
          "type": [Function],
        },
      ],
      "type": [Function],
    },
  ],
  Symbol(enzyme.__options__): Object {
    "adapter": ReactSixteenAdapter {
      "options": Object {
        "enableComponentDidUpdateOnSetState": true,
      },
    },
  },
}
`;
