// Jest Snapshot v1, https://goo.gl/fbAQLP

exports[`Tile component should render 1`] = `
<styled.div>
  <styled.div>
    <styled.input
      autoFocus={true}
      defaultValue=""
      onChange={[Function]}
    />
    <styled.i
      onClick={[Function]}
    >
      delete
    </styled.i>
  </styled.div>
  <styled.textarea
    defaultValue=""
    maxLength={140}
    onChange={[Function]}
    placeholder="Start noting your idea..."
    type="text"
  />
  <styled.div>
    <styled.p>
      Created
       at 
      11:00
    </styled.p>
  </styled.div>
</styled.div>
`;
